<html>
<body>
<pre>
<h1>µVision Build Log</h1>
<h2>Project:</h2>
D:\Arm\STM32F103\Appz103c8t6\RC522 wBL\Template.uvproj
Project File Date:  01/29/2020

<h2>Output:</h2>
Build target 'Template'
compiling main.c...
compiling spi.c...
compiling mfrc522.c...
linking...
Program Size: Code=6228 RO-data=268 RW-data=40 ZI-data=1024  
FromELF: creating hex file...
After Build - User command #1: fromelf --bin ".\out\Template.axf" --output ".\out\Template.bin"
".\Out\Template.axf" - 0 Errors, 0 Warning(s).
Build target 'Template'
compiling main.c...
compiling mfrc522.c...
linking...
Program Size: Code=8584 RO-data=268 RW-data=48 ZI-data=1024  
FromELF: creating hex file...
After Build - User command #1: fromelf --bin ".\out\Template.axf" --output ".\out\Template.bin"
".\Out\Template.axf" - 0 Errors, 0 Warning(s).
Build target 'Template'
compiling main.c...
main.c(17): warning:  #223-D: function "sprintf" declared implicitly
linking...
Program Size: Code=9980 RO-data=268 RW-data=48 ZI-data=1128  
FromELF: creating hex file...
After Build - User command #1: fromelf --bin ".\out\Template.axf" --output ".\out\Template.bin"
".\Out\Template.axf" - 0 Errors, 1 Warning(s).
Build target 'Template'
compiling main.c...
main.c(18): warning:  #223-D: function "sprintf" declared implicitly
linking...
Program Size: Code=9980 RO-data=268 RW-data=48 ZI-data=1128  
FromELF: creating hex file...
After Build - User command #1: fromelf --bin ".\out\Template.axf" --output ".\out\Template.bin"
".\Out\Template.axf" - 0 Errors, 1 Warning(s).
Build target 'Template'
compiling main.c...
main.c(18): warning:  #223-D: function "sprintf" declared implicitly
linking...
Program Size: Code=9980 RO-data=268 RW-data=48 ZI-data=1128  
FromELF: creating hex file...
After Build - User command #1: fromelf --bin ".\out\Template.axf" --output ".\out\Template.bin"
".\Out\Template.axf" - 0 Errors, 1 Warning(s).
Build target 'Template'
compiling main.c...
linking...
Program Size: Code=9980 RO-data=268 RW-data=48 ZI-data=1128  
FromELF: creating hex file...
After Build - User command #1: fromelf --bin ".\out\Template.axf" --output ".\out\Template.bin"
".\Out\Template.axf" - 0 Errors, 0 Warning(s).
Build target 'Template'
compiling main.c...
linking...
Program Size: Code=9980 RO-data=268 RW-data=48 ZI-data=1128  
FromELF: creating hex file...
After Build - User command #1: fromelf --bin ".\out\Template.axf" --output ".\out\Template.bin"
".\Out\Template.axf" - 0 Errors, 0 Warning(s).
Build target 'Template'
compiling main.c...
compiling i2c.c...
compiling i2c_lcd.c...
i2c_lcd.c(124): warning:  #167-D: argument of type "char *" is incompatible with parameter of type "uint8_t *"
linking...
.\Out\Template.axf: Error: L6218E: Undefined symbol I2C_AcknowledgeConfig (referred from i2c.o).
.\Out\Template.axf: Error: L6218E: Undefined symbol I2C_CheckEvent (referred from i2c.o).
.\Out\Template.axf: Error: L6218E: Undefined symbol I2C_Cmd (referred from i2c.o).
.\Out\Template.axf: Error: L6218E: Undefined symbol I2C_GenerateSTART (referred from i2c.o).
.\Out\Template.axf: Error: L6218E: Undefined symbol I2C_GenerateSTOP (referred from i2c.o).
.\Out\Template.axf: Error: L6218E: Undefined symbol I2C_GetFlagStatus (referred from i2c.o).
.\Out\Template.axf: Error: L6218E: Undefined symbol I2C_Init (referred from i2c.o).
.\Out\Template.axf: Error: L6218E: Undefined symbol I2C_NACKPositionConfig (referred from i2c.o).
.\Out\Template.axf: Error: L6218E: Undefined symbol I2C_ReceiveData (referred from i2c.o).
.\Out\Template.axf: Error: L6218E: Undefined symbol I2C_Send7bitAddress (referred from i2c.o).
.\Out\Template.axf: Error: L6218E: Undefined symbol I2C_SendData (referred from i2c.o).
.\Out\Template.axf: Error: L6218E: Undefined symbol I2C_StructInit (referred from i2c.o).
".\Out\Template.axf" - 12 Errors, 1 Warning(s).
Target not created
Build target 'Template'
compiling i2c.c...
compiling i2c_lcd.c...
i2c_lcd.c(124): warning:  #167-D: argument of type "char *" is incompatible with parameter of type "uint8_t *"
compiling stm32f10x_i2c.c...
linking...
Program Size: Code=9976 RO-data=268 RW-data=48 ZI-data=1128  
FromELF: creating hex file...
After Build - User command #1: fromelf --bin ".\out\Template.axf" --output ".\out\Template.bin"
".\Out\Template.axf" - 0 Errors, 1 Warning(s).
Build target 'Template'
compiling main.c...
compiling stm32f10x_i2c.c...
linking...
Program Size: Code=9976 RO-data=268 RW-data=48 ZI-data=1128  
FromELF: creating hex file...
After Build - User command #1: fromelf --bin ".\out\Template.axf" --output ".\out\Template.bin"
".\Out\Template.axf" - 0 Errors, 0 Warning(s).
Build target 'Template'
compiling main.c...
linking...
Program Size: Code=12672 RO-data=268 RW-data=56 ZI-data=1128  
FromELF: creating hex file...
After Build - User command #1: fromelf --bin ".\out\Template.axf" --output ".\out\Template.bin"
".\Out\Template.axf" - 0 Errors, 0 Warning(s).
Build target 'Template'
compiling main.c...
linking...
Program Size: Code=12704 RO-data=268 RW-data=56 ZI-data=1128  
FromELF: creating hex file...
After Build - User command #1: fromelf --bin ".\out\Template.axf" --output ".\out\Template.bin"
".\Out\Template.axf" - 0 Errors, 0 Warning(s).
